stm32wbxx_it.c:79:6:NMI_Handler	4	static
stm32wbxx_it.c:94:6:HardFault_Handler	4	static
stm32wbxx_it.c:109:6:MemManage_Handler	4	static
stm32wbxx_it.c:124:6:BusFault_Handler	4	static
stm32wbxx_it.c:139:6:UsageFault_Handler	4	static
stm32wbxx_it.c:154:6:SVC_Handler	4	static
stm32wbxx_it.c:167:6:DebugMon_Handler	4	static
stm32wbxx_it.c:180:6:PendSV_Handler	4	static
stm32wbxx_it.c:193:6:SysTick_Handler	8	static
stm32wbxx_it.c:214:6:RTC_WKUP_IRQHandler	8	static
stm32wbxx_it.c:228:6:EXTI4_IRQHandler	8	static
stm32wbxx_it.c:242:6:EXTI9_5_IRQHandler	8	static
stm32wbxx_it.c:256:6:TIM1_UP_TIM16_IRQHandler	8	static
stm32wbxx_it.c:270:6:TIM2_IRQHandler	8	static
stm32wbxx_it.c:284:6:I2C1_EV_IRQHandler	8	static
stm32wbxx_it.c:298:6:I2C1_ER_IRQHandler	8	static
stm32wbxx_it.c:312:6:SPI1_IRQHandler	8	static
stm32wbxx_it.c:326:6:RTC_Alarm_IRQHandler	8	static
stm32wbxx_it.c:340:6:IPCC_C1_RX_IRQHandler	8	static
stm32wbxx_it.c:354:6:IPCC_C1_TX_IRQHandler	8	static
stm32wbxx_it.c:368:6:HSEM_IRQHandler	8	static
stm32wbxx_it.c:382:6:LPTIM1_IRQHandler	8	static
stm32wbxx_it.c:396:6:LPTIM2_IRQHandler	8	static
