stm32wbxx_ll_rcc.h:2303:26:LL_RCC_GetAPB1Prescaler	4	static
stm32wbxx_ll_rcc.h:2318:26:LL_RCC_GetAPB2Prescaler	4	static
stm32wbxx_ll_rtc.h:3202:26:LL_RTC_CAL_IsPulseInserted	16	static
stm32wbxx_ll_rtc.h:3260:26:LL_RTC_CAL_GetMinus	16	static
nixie.c:405:6:nixie_uint32_to_uint8_array	24	static
nixie.c:417:10:nixie_uint8_array_to_uint32	24	static
nixie.c:431:6:nixie_uint16_to_uint8_array	24	static
nixie.c:443:10:nixie_uint8_array_to_uint16	24	static
nixie.c:457:6:nixie_init_gpio	8	static
nixie.c:467:6:nixie_enable_battery_charging	8	static
nixie.c:472:6:nixie_display_spi_cb	16	static
nixie.c:478:6:nixie_display_timer_clock_cb	16	static
nixie.c:495:6:nixie_rtc_user_alarm_cb	16	static
nixie.c:501:6:nixie_rtc_hourly_alarm_cb	16	static
nixie.c:507:6:nixie_rtc_wakeup_cb	16	static
nixie.c:513:6:nixie_display_timer_stopwatch_cb	16	static
nixie.c:521:6:nixie_display_timer_timer_cb	16	static
nixie.c:538:6:nixie_display_timer_detoxification_cb	16	static
nixie.c:557:6:nixie_led_timer_cb_no_overflow	16	static
nixie.c:573:6:nixie_led_timer_cb_overflow	32	static
nixie.c:608:6:nixie_blank_timer_cb_no_overflow	16	static
nixie.c:622:6:nixie_blank_timer_cb_overflow	32	static
nixie.c:657:6:nixie_ringing_timer_alarm_cb_no_overflow	16	static
nixie.c:663:6:nixie_ringing_timer_alarm_cb_overflow	24	static
nixie.c:689:6:nixie_ringing_timer_timer_cb_no_overflow	16	static
nixie.c:695:6:nixie_ringing_timer_timer_cb_overflow	24	static
nixie.c:721:10:nixie_calculate_led_blink_interval_ms_ticks	16	static
nixie.c:726:10:nixie_calculate_ringing_duration_ms_ticks	16	static
nixie.c:731:6:nixie_register_hal_callbacks	8	static
nixie.c:743:9:nixie_calculate_day_of_week	32	static
nixie.c:757:6:nixie_init_controller	24	static
nixie.c:879:6:nixie_set_gatt_clock_datetime_buffer	32	static
nixie.c:893:6:nixie_update_rtc_year_overflow	16	static
nixie.c:914:6:nixie_is_datetime_update_needed	32	static
nixie.c:930:6:nixie_set_alarm_time	24	static
nixie.c:949:6:nixie_set_alarm_status	16	static
nixie.c:971:6:nixie_is_valid_alarm_time	16	static
nixie.c:982:6:nixie_is_valid_alarm_status	16	static
nixie.c:998:6:nixie_init_rtc_alarms	48	static
nixie.c:1031:6:nixie_init_accelerometer	16	static
nixie.c:1190:6:nixie_write_accelerometer	32	static
nixie.c:1207:6:nixie_read_accelerometer	32	static
nixie.c:1224:6:nixie_init_eeprom	16	static
nixie.c:1270:6:nixie_write_eeprom	40	static
nixie.c:1291:6:nixie_read_eeprom	32	static
nixie.c:1308:6:nixie_transmit_display_spi_data	48	static
nixie.c:1323:10:nixie_calculate_display_data	32	static
nixie.c:1359:6:nixie_update_blank_pin	16	static
nixie.c:1371:6:nixie_reschedule_alarm	88	static
nixie.c:1433:6:nixie_start_stopwatch_mode	16	static
nixie.c:1465:6:nixie_stop_stopwatch_mode	16	static
nixie.c:1491:6:nixie_pause_stopwatch_mode	16	static
nixie.c:1504:6:nixie_start_timer_mode	16	static
nixie.c:1543:6:nixie_set_timer_time_s	16	static
nixie.c:1563:6:nixie_stop_timer_mode	16	static
nixie.c:1592:6:nixie_pause_timer_mode	16	static
nixie.c:1605:6:nixie_update_clock_timer	16	static
nixie.c:1698:6:nixie_update_led_timer	16	static
nixie.c:1707:6:nixie_start_ringing	16	static
nixie.c:1744:6:nixie_stop_ringing	16	static
nixie.c:1773:6:nixie_process_accelerometer_activity	24	static
nixie.c:1781:6:nixie_update_dst	40	static
nixie.c:1814:6:nixie_update_gatt_clock_datetime	16	static
nixie.c:1822:6:nixie_update_gatt_alarm_status	24	static
nixie.c:1867:6:nixie_update_gatt_alarm_time	24	static
nixie.c:1916:6:nixie_update_gatt_stopwatch_time_s	24	static
nixie.c:1926:6:nixie_update_gatt_stopwatch_status	16	static
nixie.c:1934:6:nixie_update_gatt_timer_time_s	24	static
nixie.c:1944:6:nixie_update_gatt_timer_status	16	static
nixie.c:1952:6:nixie_update_gatt_settings_led_blink_interval_ms	24	static
nixie.c:1962:6:nixie_update_gatt_settings_time_display_duration_ms	24	static
nixie.c:1972:6:nixie_update_gatt_settings_date_display_duration_ms	24	static
nixie.c:1982:6:nixie_update_gatt_settings_alarm_ringing_duration_ms	24	static
nixie.c:1992:6:nixie_update_gatt_settings_timer_ringing_duration_ms	24	static
nixie.c:2002:6:nixie_update_gatt_settings_date_format	16	static
nixie.c:2010:6:nixie_update_gatt_rtc_calibration_calp	16	static
nixie.c:2019:6:nixie_update_gatt_rtc_calibration_calm	16	static
nixie.c:2030:6:nixie_is_valid_date_time	24	static
nixie.c:2048:6:nixie_is_valid_date_format	16	static
nixie.c:2064:6:nixie_is_valid_rtc_calibration_calp	16	static
nixie.c:2073:6:nixie_update_leds	16	static
nixie.c:2126:6:nixie_set_datetime_members	32	static
nixie.c:2156:6:nixie_process_hourly_check	16	static
nixie.c:2165:6:nixie_init_gatt_server	16	static
nixie.c:2207:17:nixie_calculate_display_data_hv5523	48	static
nixie.c:2228:17:nixie_calculate_display_data_hv5623	48	static
nixie.c:2248:13:nixie_start_pwm_timer	16	static
nixie.c:2269:13:nixie_stop_pwm_timer	8	static
nixie.c:2277:17:nixie_calculate_lptim_ticks_ms	32	static
nixie.c:2318:17:nixie_calculate_period_lptim_ms	32	static
nixie.c:2353:17:nixie_calculate_tim_ticks_ms	24	static
nixie.c:2381:12:nixie_compare_nixiealarmtime	16	static
nixie.c:2402:13:nixie_remove_alarm	24	static
nixie.c:2417:13:nixie_add_alarm	24	static
nixie.c:2461:13:nixie_update_lptim_timer	48	static
nixie.c:2540:17:nixie_calculate_dst_state	32	static
nixie.c:2619:33:nixie_set_digit_array_clock	24	static
nixie.c:2665:13:nixie_set_digit_array_seconds	24	static
nixie.c:2684:17:nixie_calculate_display_blink_interval_ms_ticks	16	static
nixie.c:2689:13:nixie_detoxify	16	static
