stm32wbxx_ll_system.h:2221:26:LL_FLASH_GetUDN	4	static
stm32wbxx_ll_system.h:2233:26:LL_FLASH_GetDeviceID	4	static
stm32wbxx_ll_system.h:2245:26:LL_FLASH_GetSTCompanyID	4	static
app_ble.c:257:6:APP_BLE_Init	64	static
app_ble.c:364:28:SVCCTL_App_Notification	40	static
app_ble.c:522:22:APP_BLE_Get_Server_Connection_Status	4	static
app_ble.c:535:13:Ble_Tl_Init	16	static
app_ble.c:545:13:Ble_Hci_Gap_Gatt_Init	80	static
app_ble.c:726:13:Adv_Request	56	static
app_ble.c:758:16:BleGetBdAddress	32	static
app_ble.c:814:13:Adv_Cancel	16	static
app_ble.c:888:6:hci_notify_asynch_evt	16	static
app_ble.c:895:6:hci_cmd_resp_release	16	static
app_ble.c:902:6:hci_cmd_resp_wait	16	static
app_ble.c:909:13:BLE_UserEvtRx	24	static
app_ble.c:927:13:BLE_StatusNot	24	static
app_ble.c:954:6:SVCCTL_ResumeUserEventFlow	8	static
