stm32wbxx_ll_rcc.h:1286:26:LL_RCC_HSE_IsEnabledDiv2	4	static
stm32wbxx_ll_rcc.h:1326:26:LL_RCC_HSE_IsReady	4	static
stm32wbxx_ll_rcc.h:1488:26:LL_RCC_HSI_IsReady	4	static
stm32wbxx_ll_rcc.h:1533:22:LL_RCC_HSI_SetCalibTrimming	16	static
stm32wbxx_ll_rcc.h:1572:22:LL_RCC_HSI48_Disable	4	static
stm32wbxx_ll_rcc.h:1582:26:LL_RCC_HSI48_IsReady	4	static
stm32wbxx_ll_rcc.h:1713:26:LL_RCC_LSE_IsReady	4	static
stm32wbxx_ll_rcc.h:1761:26:LL_RCC_LSI1_IsReady	4	static
stm32wbxx_ll_rcc.h:1799:26:LL_RCC_LSI2_IsReady	4	static
stm32wbxx_ll_rcc.h:1838:22:LL_RCC_MSI_Enable	4	static
stm32wbxx_ll_rcc.h:1858:26:LL_RCC_MSI_IsReady	4	static
stm32wbxx_ll_rcc.h:1908:22:LL_RCC_MSI_SetRange	16	static
stm32wbxx_ll_rcc.h:1930:26:LL_RCC_MSI_GetRange	16	static
stm32wbxx_ll_rcc.h:1960:22:LL_RCC_MSI_SetCalibTrimming	16	static
stm32wbxx_ll_rcc.h:2060:26:LL_RCC_GetSysClkSource	4	static
stm32wbxx_ll_rcc.h:2072:26:LL_RCC_GetRFClockSource	4	static
stm32wbxx_ll_rcc.h:2086:22:LL_RCC_SetRFWKPClockSource	16	static
stm32wbxx_ll_rcc.h:2099:26:LL_RCC_GetRFWKPClockSource	4	static
stm32wbxx_ll_rcc.h:2240:26:LL_RCC_GetAHBPrescaler	4	static
stm32wbxx_ll_rcc.h:2264:26:LL_C2_RCC_GetAHBPrescaler	4	static
stm32wbxx_ll_rcc.h:2288:26:LL_RCC_GetAHB4Prescaler	4	static
stm32wbxx_ll_rcc.h:2303:26:LL_RCC_GetAPB1Prescaler	4	static
stm32wbxx_ll_rcc.h:2318:26:LL_RCC_GetAPB2Prescaler	4	static
stm32wbxx_ll_rcc.h:2398:26:LL_RCC_GetSMPSClockSource	4	static
stm32wbxx_ll_rcc.h:2427:26:LL_RCC_GetSMPSPrescaler	4	static
stm32wbxx_ll_rcc.h:2670:26:LL_RCC_GetUSARTClockSource	16	static
stm32wbxx_ll_rcc.h:2687:26:LL_RCC_GetLPUARTClockSource	16	static
stm32wbxx_ll_rcc.h:2708:26:LL_RCC_GetI2CClockSource	16	static
stm32wbxx_ll_rcc.h:2729:26:LL_RCC_GetLPTIMClockSource	16	static
stm32wbxx_ll_rcc.h:2746:26:LL_RCC_GetSAIClockSource	16	static
stm32wbxx_ll_rcc.h:2762:26:LL_RCC_GetRNGClockSource	16	static
stm32wbxx_ll_rcc.h:2779:26:LL_RCC_GetCLK48ClockSource	16	static
stm32wbxx_ll_rcc.h:2815:26:LL_RCC_GetADCClockSource	16	static
stm32wbxx_ll_rcc.h:2855:26:LL_RCC_GetRTCClockSource	4	static
stm32wbxx_ll_rcc.h:2945:26:LL_RCC_PLL_IsReady	4	static
stm32wbxx_ll_rcc.h:3163:26:LL_RCC_PLL_GetN	4	static
stm32wbxx_ll_rcc.h:3205:26:LL_RCC_PLL_GetP	4	static
stm32wbxx_ll_rcc.h:3223:26:LL_RCC_PLL_GetQ	4	static
stm32wbxx_ll_rcc.h:3241:26:LL_RCC_PLL_GetR	4	static
stm32wbxx_ll_rcc.h:3259:26:LL_RCC_PLL_GetDivider	4	static
stm32wbxx_ll_rcc.h:3390:26:LL_RCC_PLLSAI1_IsReady	4	static
stm32wbxx_ll_rcc.h:3548:26:LL_RCC_PLLSAI1_GetN	4	static
stm32wbxx_ll_rcc.h:3590:26:LL_RCC_PLLSAI1_GetP	4	static
stm32wbxx_ll_rcc.h:3608:26:LL_RCC_PLLSAI1_GetQ	4	static
stm32wbxx_ll_rcc.h:3626:26:LL_RCC_PLLSAI1_GetR	4	static
stm32wbxx_ll_rcc.h:3792:26:LL_RCC_PLL_GetMainSource	4	static
stm32wbxx_ll_rcc.h:4091:22:LL_RCC_ClearResetFlags	4	static
stm32wbxx_ll_rcc.c:137:13:LL_RCC_DeInit	16	static
stm32wbxx_ll_rcc.c:261:6:LL_RCC_GetSystemClocksFreq	16	static
stm32wbxx_ll_rcc.c:295:10:LL_RCC_GetSMPSClockFreq	24	static
stm32wbxx_ll_rcc.c:370:10:LL_RCC_GetUSARTClockFreq	24	static
stm32wbxx_ll_rcc.c:415:10:LL_RCC_GetI2CClockFreq	24	static
stm32wbxx_ll_rcc.c:480:10:LL_RCC_GetLPUARTClockFreq	24	static
stm32wbxx_ll_rcc.c:526:10:LL_RCC_GetLPTIMClockFreq	24	static
stm32wbxx_ll_rcc.c:612:10:LL_RCC_GetSAIClockFreq	24	static
stm32wbxx_ll_rcc.c:660:10:LL_RCC_GetCLK48ClockFreq	24	static
stm32wbxx_ll_rcc.c:719:10:LL_RCC_GetUSBClockFreq	16	static
stm32wbxx_ll_rcc.c:732:10:LL_RCC_GetRNGClockFreq	32	static
stm32wbxx_ll_rcc.c:773:10:LL_RCC_GetADCClockFreq	24	static
stm32wbxx_ll_rcc.c:818:10:LL_RCC_GetRTCClockFreq	16	static
stm32wbxx_ll_rcc.c:860:10:LL_RCC_GetRFWKPClockFreq	16	static
stm32wbxx_ll_rcc.c:904:17:RCC_GetSystemClockFreq	16	static
stm32wbxx_ll_rcc.c:947:17:RCC_GetHCLK1ClockFreq	16	static
stm32wbxx_ll_rcc.c:958:17:RCC_GetHCLK2ClockFreq	16	static
stm32wbxx_ll_rcc.c:969:17:RCC_GetHCLK4ClockFreq	16	static
stm32wbxx_ll_rcc.c:979:17:RCC_GetHCLK5ClockFreq	16	static
stm32wbxx_ll_rcc.c:1009:17:RCC_GetPCLK1ClockFreq	16	static
stm32wbxx_ll_rcc.c:1020:17:RCC_GetPCLK2ClockFreq	16	static
stm32wbxx_ll_rcc.c:1030:17:RCC_PLL_GetFreqDomain_SYS	24	static
stm32wbxx_ll_rcc.c:1073:17:RCC_PLL_GetFreqDomain_SAI	24	static
stm32wbxx_ll_rcc.c:1116:17:RCC_PLL_GetFreqDomain_ADC	24	static
stm32wbxx_ll_rcc.c:1160:17:RCC_PLL_GetFreqDomain_48M	24	static
stm32wbxx_ll_rcc.c:1204:17:RCC_PLLSAI1_GetFreqDomain_SAI	24	static
stm32wbxx_ll_rcc.c:1246:17:RCC_PLLSAI1_GetFreqDomain_48M	24	static
stm32wbxx_ll_rcc.c:1287:17:RCC_PLLSAI1_GetFreqDomain_ADC	24	static
