stm32wbxx_it.c:80:6:NMI_Handler	4	static
stm32wbxx_it.c:95:6:HardFault_Handler	4	static
stm32wbxx_it.c:110:6:MemManage_Handler	4	static
stm32wbxx_it.c:125:6:BusFault_Handler	4	static
stm32wbxx_it.c:140:6:UsageFault_Handler	4	static
stm32wbxx_it.c:155:6:SVC_Handler	4	static
stm32wbxx_it.c:168:6:DebugMon_Handler	4	static
stm32wbxx_it.c:181:6:PendSV_Handler	4	static
stm32wbxx_it.c:194:6:SysTick_Handler	8	static
stm32wbxx_it.c:215:6:RTC_WKUP_IRQHandler	8	static
stm32wbxx_it.c:230:6:EXTI4_IRQHandler	8	static
stm32wbxx_it.c:244:6:EXTI9_5_IRQHandler	8	static
stm32wbxx_it.c:258:6:TIM1_UP_TIM16_IRQHandler	8	static
stm32wbxx_it.c:272:6:TIM1_TRG_COM_TIM17_IRQHandler	8	static
stm32wbxx_it.c:286:6:TIM2_IRQHandler	8	static
stm32wbxx_it.c:300:6:I2C1_EV_IRQHandler	8	static
stm32wbxx_it.c:314:6:I2C1_ER_IRQHandler	8	static
stm32wbxx_it.c:328:6:SPI1_IRQHandler	8	static
stm32wbxx_it.c:342:6:USART1_IRQHandler	8	static
stm32wbxx_it.c:356:6:RTC_Alarm_IRQHandler	8	static
stm32wbxx_it.c:369:6:IPCC_C1_RX_IRQHandler	8	static
stm32wbxx_it.c:383:6:IPCC_C1_TX_IRQHandler	8	static
stm32wbxx_it.c:397:6:HSEM_IRQHandler	8	static
stm32wbxx_it.c:411:6:LPTIM1_IRQHandler	8	static
stm32wbxx_it.c:433:6:LPTIM2_IRQHandler	8	static
