stm32wbxx_ll_rtc.h:3202:26:LL_RTC_CAL_IsPulseInserted	16	static
stm32wbxx_ll_rtc.h:3260:26:LL_RTC_CAL_GetMinus	16	static
custom_app.c:266:6:Custom_STM_App_Notification	16	static
custom_app.c:408:6:Custom_APP_Notification	16	static
custom_app.c:434:6:Custom_APP_Init	8	static
custom_app.c:488:6:Custom_Nixie_Dummy_Timer	4	static
custom_app.c:493:6:Custom_Nixie_Notify_Gatt_Clock_Datetime	8	static
custom_app.c:501:6:Custom_Nixie_Notify_Gatt_Stopwatch_Time_S	8	static
custom_app.c:509:6:Custom_Nixie_Notify_Gatt_Timer_Time_S	8	static
custom_app.c:517:6:Custom_Nixie_Notify_Gatt_Timer_Status	8	static
custom_app.c:525:6:Custom_Nixie_Update_Datetime	32	static
custom_app.c:565:6:Custom_Nixie_Process_Timer_End	8	static
custom_app.c:570:6:Custom_Nixie_Process_Accelerometer_Activity	8	static
custom_app.c:575:6:Custom_Nixie_Update_Display	16	static
custom_app.c:581:6:Custom_Nixie_Process_User_Alarm	8	static
custom_app.c:587:6:Custom_Nixie_Process_Hourly_Alarm	8	static
custom_app.c:592:6:Custom_Nixie_Update_Led	8	static
custom_app.c:599:13:Custom_Nixie_Set_Clock_Datetime	48	static
custom_app.c:635:13:Custom_Nixie_Set_Alarm_Time	32	static
custom_app.c:649:13:Custom_Nixie_Set_Alarm_Status	24	static
custom_app.c:659:13:Custom_Nixie_Set_Stopwatch_Status	16	static
custom_app.c:694:13:Custom_Nixie_Set_Timer_Set_Time_S	16	static
custom_app.c:699:13:Custom_Nixie_Set_Timer_Status	16	static
custom_app.c:734:13:Custom_Nixie_Set_Settings_Led_Blink_Interval_Ms	24	static
custom_app.c:749:13:Custom_Nixie_Set_Settings_Time_Display_Duration_Ms	24	static
custom_app.c:763:13:Custom_Nixie_Set_Settings_Date_Display_Duration_Ms	24	static
custom_app.c:777:13:Custom_Nixie_Set_Settings_Alarm_Ringing_Duration_Ms	16	static
custom_app.c:791:13:Custom_Nixie_Set_Settings_Timer_Ringing_Duration_Ms	16	static
custom_app.c:805:13:Custom_Nixie_Set_Settings_Date_Format	16	static
custom_app.c:822:13:Custom_Nixie_Set_Rtc_Calibration_Calp	24	static
custom_app.c:836:13:Custom_Nixie_Set_Rtc_Calibration_Calm	24	static
